create failed 500 b'{"error":"create pod: There are no instances currently available","status":500}\n'
Traceback (most recent call last):
  File "/nvme0n1-disk/code/manifoldgen-pinkcherry-opt/results/pinkcherry-opt/launch.py", line 119, in <module>
    main()
  File "/nvme0n1-disk/code/manifoldgen-pinkcherry-opt/results/pinkcherry-opt/launch.py", line 78, in main
    pod = p.call("/pods", "POST", body)
          ^^^^^^^^^^^^^^^^^^^^^^^^^^^^^
  File "/nvme0n1-disk/code/manifoldgen-pinkcherry-opt/scripts/h3_upscale_gpu_probe.py", line 44, in call
    with urllib.request.urlopen(request, timeout=120) as response:
         ^^^^^^^^^^^^^^^^^^^^^^^^^^^^^^^^^^^^^^^^^^^^
  File "/usr/lib/python3.12/urllib/request.py", line 215, in urlopen
    return opener.open(url, data, timeout)
           ^^^^^^^^^^^^^^^^^^^^^^^^^^^^^^^
  File "/usr/lib/python3.12/urllib/request.py", line 521, in open
    response = meth(req, response)
               ^^^^^^^^^^^^^^^^^^^
  File "/usr/lib/python3.12/urllib/request.py", line 630, in http_response
    response = self.parent.error(
               ^^^^^^^^^^^^^^^^^^
  File "/usr/lib/python3.12/urllib/request.py", line 559, in error
    return self._call_chain(*args)
           ^^^^^^^^^^^^^^^^^^^^^^^
  File "/usr/lib/python3.12/urllib/request.py", line 492, in _call_chain
    result = func(*args)
             ^^^^^^^^^^^
  File "/usr/lib/python3.12/urllib/request.py", line 639, in http_error_default
    raise HTTPError(req.full_url, code, msg, hdrs, fp)
urllib.error.HTTPError: HTTP Error 500: Internal Server Error
